[{"stream_name":"stdout","time":14.078508759,"data":"[kaggle_environments.envs.open_spiel_env.open_spiel_env] INFO: Successfully loaded OpenSpiel environments: 24.\n"}
,{"stream_name":"stdout","time":14.078613743,"data":"[kaggle_environments.envs.open_spiel_env.open_spiel_env] INFO:    open_spiel_amazons\n"}
,{"stream_name":"stdout","time":14.078622113,"data":"[kaggle_environments.envs.open_spiel_env.open_spiel_env] INFO:    open_spiel_backgammon\n"}
,{"stream_name":"stdout","time":14.078689552,"data":"[kaggle_environments.envs.open_spiel_env.open_spiel_env] INFO:    open_spiel_checkers\n"}
,{"stream_name":"stdout","time":14.078710296,"data":"[kaggle_environments.envs.open_spiel_env.open_spiel_env] INFO:    open_spiel_chess\n"}
,{"stream_name":"stdout","time":14.07871625,"data":"[kaggle_environments.envs.open_spiel_env.open_spiel_env] INFO:    open_spiel_clobber\n"}
,{"stream_name":"stdout","time":14.078721155,"data":"[kaggle_environments.envs.open_spiel_env.open_spiel_env] INFO:    open_spiel_coin_game\n"}
,{"stream_name":"stdout","time":14.078725661,"data":"[kaggle_environments.envs.open_spiel_env.open_spiel_env] INFO:    open_spiel_coin_game_arena\n"}
,{"stream_name":"stdout","time":14.078776532,"data":"[kaggle_environments.envs.open_spiel_env.open_spiel_env] INFO:    open_spiel_connect_four\n"}
,{"stream_name":"stdout","time":14.078786384,"data":"[kaggle_environments.envs.open_spiel_env.open_spiel_env] INFO:    open_spiel_dark_hex\n"}
,{"stream_name":"stdout","time":14.078791274,"data":"[kaggle_environments.envs.open_spiel_env.open_spiel_env] INFO:    open_spiel_gin_rummy\n"}
,{"stream_name":"stdout","time":14.078830644,"data":"[kaggle_environments.envs.open_spiel_env.open_spiel_env] INFO:    open_spiel_go\n"}
,{"stream_name":"stdout","time":14.078901489,"data":"[kaggle_environments.envs.open_spiel_env.open_spiel_env] INFO:    open_spiel_goofspiel\n"}
,{"stream_name":"stdout","time":14.078909338,"data":"[kaggle_environments.envs.open_spiel_env.open_spiel_env] INFO:    open_spiel_hearts\n"}
,{"stream_name":"stdout","time":14.07891424,"data":"[kaggle_environments.envs.open_spiel_env.open_spiel_env] INFO:    open_spiel_hex\n"}
,{"stream_name":"stdout","time":14.078969657,"data":"[kaggle_environments.envs.open_spiel_env.open_spiel_env] INFO:    open_spiel_lines_of_action\n"}
,{"stream_name":"stdout","time":14.079131221,"data":"[kaggle_environments.envs.open_spiel_env.open_spiel_env] INFO:    open_spiel_matching_pennies_3p\n"}
,{"stream_name":"stdout","time":14.079146404,"data":"[kaggle_environments.envs.open_spiel_env.open_spiel_env] INFO:    open_spiel_oshi_zumo\n"}
,{"stream_name":"stdout","time":14.079184187,"data":"[kaggle_environments.envs.open_spiel_env.open_spiel_env] INFO:    open_spiel_othello\n"}
,{"stream_name":"stdout","time":14.079226355,"data":"[kaggle_environments.envs.open_spiel_env.open_spiel_env] INFO:    open_spiel_repeated_game\n"}
,{"stream_name":"stdout","time":14.079739544,"data":"[kaggle_environments.envs.open_spiel_env.open_spiel_env] INFO:    open_spiel_tic_tac_toe\n"}
,{"stream_name":"stdout","time":14.079757111,"data":"[kaggle_environments.envs.open_spiel_env.open_spiel_env] INFO:    open_spiel_y\n"}
,{"stream_name":"stdout","time":14.079762316,"data":"[kaggle_environments.envs.open_spiel_env.open_spiel_env] INFO:    open_spiel_universal_poker\n"}
,{"stream_name":"stdout","time":14.079766619,"data":"[kaggle_environments.envs.open_spiel_env.open_spiel_env] INFO:    open_spiel_repeated_poker\n"}
,{"stream_name":"stdout","time":14.079770814,"data":"[kaggle_environments.envs.open_spiel_env.open_spiel_env] INFO:    open_spiel_python_repeated_pokerkit\n"}
,{"stream_name":"stdout","time":14.079775184,"data":"[kaggle_environments.envs.open_spiel_env.open_spiel_env] INFO: OpenSpiel games skipped: 1.\n"}
,{"stream_name":"stdout","time":14.079792023,"data":"[kaggle_environments.envs.open_spiel_env.open_spiel_env] INFO:    snake\n"}
,{"stream_name":"stdout","time":14.17562183,"data":"Starting Heuristic_vs_Midrange for 1000 games...\n"}
,{"stream_name":"stderr","time":14.175704785,"data":"Traceback (most recent call last):\n"}
,{"stream_name":"stderr","time":14.175797711,"data":"  File \"/kaggle/src/script.py\", line 480, in \u003cmodule\u003e\n"}
,{"stream_name":"stderr","time":14.176134472,"data":"    batch_simulate('Heuristic_vs_Midrange', heuristic_agent, midrange_agent, 1000)\n"}
,{"stream_name":"stderr","time":14.176266695,"data":"  File \"/kaggle/src/script.py\", line 472, in batch_simulate\n"}
,{"stream_name":"stderr","time":14.176514382,"data":"    res = run_match([agent1, agent2])\n"}
,{"stream_name":"stderr","time":14.17662275,"data":"          ^^^^^^^^^^^^^^^^^^^^^^^^^^^\n"}
,{"stream_name":"stderr","time":14.176655846,"data":"  File \"/kaggle/src/script.py\", line 462, in run_match\n"}
,{"stream_name":"stderr","time":14.176932521,"data":"    env = make(\"ptcg\", debug=False)\n"}
,{"stream_name":"stderr","time":14.177031499,"data":"          ^^^^^^^^^^^^^^^^^^^^^^^^^\n"}
,{"stream_name":"stderr","time":14.177038791,"data":"  File \"/usr/local/lib/python3.12/dist-packages/kaggle_environments/core.py\", line 146, in make\n"}
,{"stream_name":"stderr","time":14.177291312,"data":"    raise InvalidArgument(\"Unknown Environment Specification\")\n"}
,{"stream_name":"stderr","time":14.17730927,"data":"kaggle_environments.errors.InvalidArgument: Unknown Environment Specification\n"}
,{"stream_name":"stderr","time":17.603629367,"data":"/usr/local/lib/python3.12/dist-packages/mistune.py:435: SyntaxWarning: invalid escape sequence '\\|'\n"}
,{"stream_name":"stderr","time":17.603675023,"data":"  cells[i][c] = re.sub('\\\\\\\\\\|', '|', cell)\n"}
,{"stream_name":"stderr","time":17.920390024,"data":"/usr/local/lib/python3.12/dist-packages/nbconvert/filters/filter_links.py:36: SyntaxWarning: invalid escape sequence '\\_'\n"}
,{"stream_name":"stderr","time":17.920452738,"data":"  text = re.sub(r'_', '\\_', text) # Escape underscores in display text\n"}
,{"stream_name":"stderr","time":18.836456567,"data":"[NbConvertApp] Converting notebook __script__.ipynb to html\n"}
,{"stream_name":"stderr","time":20.572339988,"data":"[NbConvertApp] Writing 378965 bytes to __results__.html\n"}
]